// Vitest Snapshot v1, https://vitest.dev/guide/snapshot.html

exports[`Portal > renders children in a portal 1`] = `null`;
